
Segment List
------------

e:\stm8s\electronic_scale\globalvar.asm[1]    3-  342         0 -       D8                 'ram0'  [void]
e:\stm8s\electronic_scale\lcd_adc.asm[1]    8-  142      8080 -     816C                 'rom'  [textdata]
e:\stm8s\electronic_scale\lcd.asm[1]    6-  427      816D -     8396                 'rom'  [textdata]
e:\stm8s\electronic_scale\key.asm[1]   15- 1300      8397 -     8982                 'rom'  [text]
e:\stm8s\electronic_scale\initialize.asm[1]   11-  104      8983 -     89E8                 'rom'  [text]
e:\stm8s\electronic_scale\common.asm[1]    7-  476      89E9 -     8B63                 'rom'  [text]
e:\stm8s\electronic_scale\beeper.asm[1]    5-  113      8B64 -     8BC0                 'rom'  [text]
e:\stm8s\electronic_scale\adc_handler.asm[1]    7-  600      8BC1 -     8DF3                 'rom'  [text]
e:\stm8s\electronic_scale\adc.asm[1]   11-  451      8DF4 -     907A                 'rom'  [text]
e:\stm8s\electronic_scale\main.asm[1]    8-   86      907B -     90F3                 'rom'  [textdata]
e:\stm8s\electronic_scale\main.asm[2]   87-  120      8000 -     807F                 'vectit'  [data]
e:\stm8s\electronic_scale\stm8s105k4.asm[2]   16-  330      5000 -     7F76                 'periph2'  [void] <c:\program files (x86)\stmicroelectronics\st_toolset\asm\include\STM8S105K.asm>


Class List
----------

0 '        ram0'   byte from        0 to       D8 (lim       FF) = 84% D
0 '        ram1'   byte from      100 to       FF (lim      5FF) =  0% V
0 '       stack'   byte from      600 to      5FF (lim      7FF) =  0% V
0 '      eeprom'   byte from     4000 to     3FFF (lim     43FF) =  0% V
0 '         rom'   byte from     8080 to     90F3 (lim     BFFF) = 25% CS
0 '      vectit'   byte from     8000 to     807F (lim     807F) =100% S
0 '      periph'   byte from        0 to FFFFFFFF (lim       7F) =  0% V
0 '     periph2'   byte from     5000 to     7F76 (lim FFFFFFFF) =  0% D



External Label list
-------------------

Symbol Name                       Value     Scope  Def(line)

AWU_CSR                               50F0  WORD  c:\program files (x86)\stmicroelectronics\st_toolset\asm\include\STM8S105K.asm(126)
AWU_APR                               50F1  WORD  c:\program files (x86)\stmicroelectronics\st_toolset\asm\include\STM8S105K.asm(127)
AWU_TBR                               50F2  WORD  c:\program files (x86)\stmicroelectronics\st_toolset\asm\include\STM8S105K.asm(128)
ADC_DB0RH                             53E0  WORD  c:\program files (x86)\stmicroelectronics\st_toolset\asm\include\STM8S105K.asm(277)
ADC_DB0RL                             53E1  WORD  c:\program files (x86)\stmicroelectronics\st_toolset\asm\include\STM8S105K.asm(278)
ADC_DB1RH                             53E2  WORD  c:\program files (x86)\stmicroelectronics\st_toolset\asm\include\STM8S105K.asm(279)
ADC_DB1RL                             53E3  WORD  c:\program files (x86)\stmicroelectronics\st_toolset\asm\include\STM8S105K.asm(280)
ADC_DB2RH                             53E4  WORD  c:\program files (x86)\stmicroelectronics\st_toolset\asm\include\STM8S105K.asm(281)
ADC_DB2RL                             53E5  WORD  c:\program files (x86)\stmicroelectronics\st_toolset\asm\include\STM8S105K.asm(282)
ADC_DB3RH                             53E6  WORD  c:\program files (x86)\stmicroelectronics\st_toolset\asm\include\STM8S105K.asm(283)
ADC_DB3RL                             53E7  WORD  c:\program files (x86)\stmicroelectronics\st_toolset\asm\include\STM8S105K.asm(284)
ADC_DB4RH                             53E8  WORD  c:\program files (x86)\stmicroelectronics\st_toolset\asm\include\STM8S105K.asm(285)
ADC_DB4RL                             53E9  WORD  c:\program files (x86)\stmicroelectronics\st_toolset\asm\include\STM8S105K.asm(286)
ADC_DB5RH                             53EA  WORD  c:\program files (x86)\stmicroelectronics\st_toolset\asm\include\STM8S105K.asm(287)
ADC_DB5RL                             53EB  WORD  c:\program files (x86)\stmicroelectronics\st_toolset\asm\include\STM8S105K.asm(288)
ADC_DB6RH                             53EC  WORD  c:\program files (x86)\stmicroelectronics\st_toolset\asm\include\STM8S105K.asm(289)
ADC_DB6RL                             53ED  WORD  c:\program files (x86)\stmicroelectronics\st_toolset\asm\include\STM8S105K.asm(290)
ADC_DB7RH                             53EE  WORD  c:\program files (x86)\stmicroelectronics\st_toolset\asm\include\STM8S105K.asm(291)
ADC_DB7RL                             53EF  WORD  c:\program files (x86)\stmicroelectronics\st_toolset\asm\include\STM8S105K.asm(292)
ADC_DB8RH                             53F0  WORD  c:\program files (x86)\stmicroelectronics\st_toolset\asm\include\STM8S105K.asm(293)
ADC_DB8RL                             53F1  WORD  c:\program files (x86)\stmicroelectronics\st_toolset\asm\include\STM8S105K.asm(294)
ADC_DB9RH                             53F2  WORD  c:\program files (x86)\stmicroelectronics\st_toolset\asm\include\STM8S105K.asm(295)
ADC_DB9RL                             53F3  WORD  c:\program files (x86)\stmicroelectronics\st_toolset\asm\include\STM8S105K.asm(296)
ADC_CSR                               5400  WORD  c:\program files (x86)\stmicroelectronics\st_toolset\asm\include\STM8S105K.asm(298)
ADC_CR1                               5401  WORD  c:\program files (x86)\stmicroelectronics\st_toolset\asm\include\STM8S105K.asm(299)
ADC_CR2                               5402  WORD  c:\program files (x86)\stmicroelectronics\st_toolset\asm\include\STM8S105K.asm(300)
ADC_CR3                               5403  WORD  c:\program files (x86)\stmicroelectronics\st_toolset\asm\include\STM8S105K.asm(301)
ADC_DRH                               5404  WORD  c:\program files (x86)\stmicroelectronics\st_toolset\asm\include\STM8S105K.asm(302)
ADC_DRL                               5405  WORD  c:\program files (x86)\stmicroelectronics\st_toolset\asm\include\STM8S105K.asm(303)
ADC_TDRH                              5406  WORD  c:\program files (x86)\stmicroelectronics\st_toolset\asm\include\STM8S105K.asm(304)
ADC_TDRL                              5407  WORD  c:\program files (x86)\stmicroelectronics\st_toolset\asm\include\STM8S105K.asm(305)
ADC_HTRH                              5408  WORD  c:\program files (x86)\stmicroelectronics\st_toolset\asm\include\STM8S105K.asm(306)
ADC_HTRL                              5409  WORD  c:\program files (x86)\stmicroelectronics\st_toolset\asm\include\STM8S105K.asm(307)
ADC_LTRH                              540A  WORD  c:\program files (x86)\stmicroelectronics\st_toolset\asm\include\STM8S105K.asm(308)
ADC_LTRL                              540B  WORD  c:\program files (x86)\stmicroelectronics\st_toolset\asm\include\STM8S105K.asm(309)
ADC_AWSRH                             540C  WORD  c:\program files (x86)\stmicroelectronics\st_toolset\asm\include\STM8S105K.asm(310)
ADC_AWSRL                             540D  WORD  c:\program files (x86)\stmicroelectronics\st_toolset\asm\include\STM8S105K.asm(311)
ADC_AWCRH                             540E  WORD  c:\program files (x86)\stmicroelectronics\st_toolset\asm\include\STM8S105K.asm(312)
ADC_AWCRL                             540F  WORD  c:\program files (x86)\stmicroelectronics\st_toolset\asm\include\STM8S105K.asm(313)
ADC_AVG0                                0B  BYTE  e:\stm8s\electronic_scale\globalvar.asm(31)
ADC_AVG1                                0A  BYTE  e:\stm8s\electronic_scale\globalvar.asm(30)
ADC_AVG2                                09  BYTE  e:\stm8s\electronic_scale\globalvar.asm(29)
ADC_AVG3                                08  BYTE  e:\stm8s\electronic_scale\globalvar.asm(28)
ADC_THRESHOLD_QUOTIENT                  75  BYTE  e:\stm8s\electronic_scale\globalvar.asm(183)
ADC_MAX_QUOTIENT_S1                     77  BYTE  e:\stm8s\electronic_scale\globalvar.asm(188)
ADC_MAX_QUOTIENT_S0                     78  BYTE  e:\stm8s\electronic_scale\globalvar.asm(189)
ADC_MAX_REMAINDER_S1                    79  BYTE  e:\stm8s\electronic_scale\globalvar.asm(192)
ADC_MAX_REMAINDER_S0                    7A  BYTE  e:\stm8s\electronic_scale\globalvar.asm(193)
ADC_Init                              8DF4  WORD  e:\stm8s\electronic_scale\adc.inc(20)
ADC_COUNTER                             03  BYTE  e:\stm8s\electronic_scale\globalvar.asm(15)
ADC_SUM                                 04  BYTE  e:\stm8s\electronic_scale\globalvar.asm(20)
ADC_SUM3                                04  BYTE  e:\stm8s\electronic_scale\globalvar.asm(21)
ADC_SUM2                                05  BYTE  e:\stm8s\electronic_scale\globalvar.asm(22)
ADC_SUM1                                06  BYTE  e:\stm8s\electronic_scale\globalvar.asm(23)
ADC_SUM0                                07  BYTE  e:\stm8s\electronic_scale\globalvar.asm(24)
ADC_AVG                                 08  BYTE  e:\stm8s\electronic_scale\globalvar.asm(27)
ADC_STORE                               0C  BYTE  e:\stm8s\electronic_scale\globalvar.asm(35)
ADC_S02                                 0C  BYTE  e:\stm8s\electronic_scale\globalvar.asm(38)
ADC_S01                                 0D  BYTE  e:\stm8s\electronic_scale\globalvar.asm(39)
ADC_S00                                 0E  BYTE  e:\stm8s\electronic_scale\globalvar.asm(40)
ADC_S12                                 0F  BYTE  e:\stm8s\electronic_scale\globalvar.asm(42)
ADC_S11                                 10  BYTE  e:\stm8s\electronic_scale\globalvar.asm(43)
ADC_S10                                 11  BYTE  e:\stm8s\electronic_scale\globalvar.asm(44)
ADC_S22                                 12  BYTE  e:\stm8s\electronic_scale\globalvar.asm(46)
ADC_S21                                 13  BYTE  e:\stm8s\electronic_scale\globalvar.asm(47)
ADC_S20                                 14  BYTE  e:\stm8s\electronic_scale\globalvar.asm(48)
ADC_S32                                 15  BYTE  e:\stm8s\electronic_scale\globalvar.asm(50)
ADC_S31                                 16  BYTE  e:\stm8s\electronic_scale\globalvar.asm(51)
ADC_S30                                 17  BYTE  e:\stm8s\electronic_scale\globalvar.asm(52)
ADC_S42                                 18  BYTE  e:\stm8s\electronic_scale\globalvar.asm(54)
ADC_S41                                 19  BYTE  e:\stm8s\electronic_scale\globalvar.asm(55)
ADC_S40                                 1A  BYTE  e:\stm8s\electronic_scale\globalvar.asm(56)
ADC_S52                                 1B  BYTE  e:\stm8s\electronic_scale\globalvar.asm(58)
ADC_S51                                 1C  BYTE  e:\stm8s\electronic_scale\globalvar.asm(59)
ADC_S50                                 1D  BYTE  e:\stm8s\electronic_scale\globalvar.asm(60)
ADC_S62                                 1E  BYTE  e:\stm8s\electronic_scale\globalvar.asm(62)
ADC_S61                                 1F  BYTE  e:\stm8s\electronic_scale\globalvar.asm(63)
ADC_S60                                 20  BYTE  e:\stm8s\electronic_scale\globalvar.asm(64)
ADC_S72                                 21  BYTE  e:\stm8s\electronic_scale\globalvar.asm(66)
ADC_S71                                 22  BYTE  e:\stm8s\electronic_scale\globalvar.asm(67)
ADC_S70                                 23  BYTE  e:\stm8s\electronic_scale\globalvar.asm(68)
ADC_S82                                 24  BYTE  e:\stm8s\electronic_scale\globalvar.asm(72)
ADC_S81                                 25  BYTE  e:\stm8s\electronic_scale\globalvar.asm(73)
ADC_S80                                 26  BYTE  e:\stm8s\electronic_scale\globalvar.asm(74)
ADC_S92                                 27  BYTE  e:\stm8s\electronic_scale\globalvar.asm(76)
ADC_S91                                 28  BYTE  e:\stm8s\electronic_scale\globalvar.asm(77)
ADC_S90                                 29  BYTE  e:\stm8s\electronic_scale\globalvar.asm(78)
ADC_SA2                                 2A  BYTE  e:\stm8s\electronic_scale\globalvar.asm(80)
ADC_SA1                                 2B  BYTE  e:\stm8s\electronic_scale\globalvar.asm(81)
ADC_SA0                                 2C  BYTE  e:\stm8s\electronic_scale\globalvar.asm(82)
ADC_SB2                                 2D  BYTE  e:\stm8s\electronic_scale\globalvar.asm(84)
ADC_SB1                                 2E  BYTE  e:\stm8s\electronic_scale\globalvar.asm(85)
ADC_SB0                                 2F  BYTE  e:\stm8s\electronic_scale\globalvar.asm(86)
ADC_SC2                                 30  BYTE  e:\stm8s\electronic_scale\globalvar.asm(88)
ADC_SC1                                 31  BYTE  e:\stm8s\electronic_scale\globalvar.asm(89)
ADC_SC0                                 32  BYTE  e:\stm8s\electronic_scale\globalvar.asm(90)
ADC_SD2                                 33  BYTE  e:\stm8s\electronic_scale\globalvar.asm(92)
ADC_SD1                                 34  BYTE  e:\stm8s\electronic_scale\globalvar.asm(93)
ADC_SD0                                 35  BYTE  e:\stm8s\electronic_scale\globalvar.asm(94)
ADC_SE2                                 36  BYTE  e:\stm8s\electronic_scale\globalvar.asm(96)
ADC_SE1                                 37  BYTE  e:\stm8s\electronic_scale\globalvar.asm(97)
ADC_SE0                                 38  BYTE  e:\stm8s\electronic_scale\globalvar.asm(98)
ADC_SF2                                 39  BYTE  e:\stm8s\electronic_scale\globalvar.asm(100)
ADC_SF1                                 3A  BYTE  e:\stm8s\electronic_scale\globalvar.asm(101)
ADC_SF0                                 3B  BYTE  e:\stm8s\electronic_scale\globalvar.asm(102)
ADC_SG2                                 3C  BYTE  e:\stm8s\electronic_scale\globalvar.asm(104)
ADC_SG1                                 3D  BYTE  e:\stm8s\electronic_scale\globalvar.asm(105)
ADC_SG0                                 3E  BYTE  e:\stm8s\electronic_scale\globalvar.asm(106)
ADC_SH2                                 3F  BYTE  e:\stm8s\electronic_scale\globalvar.asm(108)
ADC_SH1                                 40  BYTE  e:\stm8s\electronic_scale\globalvar.asm(109)
ADC_SH0                                 41  BYTE  e:\stm8s\electronic_scale\globalvar.asm(110)
ADC_SI2                                 42  BYTE  e:\stm8s\electronic_scale\globalvar.asm(112)
ADC_SI1                                 43  BYTE  e:\stm8s\electronic_scale\globalvar.asm(113)
ADC_SI0                                 44  BYTE  e:\stm8s\electronic_scale\globalvar.asm(114)
ADC_SJ2                                 45  BYTE  e:\stm8s\electronic_scale\globalvar.asm(116)
ADC_SJ1                                 46  BYTE  e:\stm8s\electronic_scale\globalvar.asm(117)
ADC_SJ0                                 47  BYTE  e:\stm8s\electronic_scale\globalvar.asm(118)
ADC_SK2                                 48  BYTE  e:\stm8s\electronic_scale\globalvar.asm(120)
ADC_SK1                                 49  BYTE  e:\stm8s\electronic_scale\globalvar.asm(121)
ADC_SK0                                 4A  BYTE  e:\stm8s\electronic_scale\globalvar.asm(122)
ADC_SL2                                 4B  BYTE  e:\stm8s\electronic_scale\globalvar.asm(124)
ADC_SL1                                 4C  BYTE  e:\stm8s\electronic_scale\globalvar.asm(125)
ADC_SL0                                 4D  BYTE  e:\stm8s\electronic_scale\globalvar.asm(126)
ADC_SM2                                 4E  BYTE  e:\stm8s\electronic_scale\globalvar.asm(128)
ADC_SM1                                 4F  BYTE  e:\stm8s\electronic_scale\globalvar.asm(129)
ADC_SM0                                 50  BYTE  e:\stm8s\electronic_scale\globalvar.asm(130)
ADC_SN2                                 51  BYTE  e:\stm8s\electronic_scale\globalvar.asm(132)
ADC_SN1                                 52  BYTE  e:\stm8s\electronic_scale\globalvar.asm(133)
ADC_SN0                                 53  BYTE  e:\stm8s\electronic_scale\globalvar.asm(134)
ADC_SO2                                 54  BYTE  e:\stm8s\electronic_scale\globalvar.asm(136)
ADC_SO1                                 55  BYTE  e:\stm8s\electronic_scale\globalvar.asm(137)
ADC_SO0                                 56  BYTE  e:\stm8s\electronic_scale\globalvar.asm(138)
ADC_SP2                                 57  BYTE  e:\stm8s\electronic_scale\globalvar.asm(140)
ADC_SP1                                 58  BYTE  e:\stm8s\electronic_scale\globalvar.asm(141)
ADC_SP0                                 59  BYTE  e:\stm8s\electronic_scale\globalvar.asm(142)
ADC_SQ2                                 5A  BYTE  e:\stm8s\electronic_scale\globalvar.asm(144)
ADC_SQ1                                 5B  BYTE  e:\stm8s\electronic_scale\globalvar.asm(145)
ADC_SQ0                                 5C  BYTE  e:\stm8s\electronic_scale\globalvar.asm(146)
ADC_SR2                                 5D  BYTE  e:\stm8s\electronic_scale\globalvar.asm(148)
ADC_SR1                                 5E  BYTE  e:\stm8s\electronic_scale\globalvar.asm(149)
ADC_SR0                                 5F  BYTE  e:\stm8s\electronic_scale\globalvar.asm(150)
ADC_SS2                                 60  BYTE  e:\stm8s\electronic_scale\globalvar.asm(152)
ADC_SS1                                 61  BYTE  e:\stm8s\electronic_scale\globalvar.asm(153)
ADC_SS0                                 62  BYTE  e:\stm8s\electronic_scale\globalvar.asm(154)
ADC_ST2                                 63  BYTE  e:\stm8s\electronic_scale\globalvar.asm(156)
ADC_ST1                                 64  BYTE  e:\stm8s\electronic_scale\globalvar.asm(157)
ADC_ST0                                 65  BYTE  e:\stm8s\electronic_scale\globalvar.asm(158)
ADC_SU2                                 66  BYTE  e:\stm8s\electronic_scale\globalvar.asm(160)
ADC_SU1                                 67  BYTE  e:\stm8s\electronic_scale\globalvar.asm(161)
ADC_SU0                                 68  BYTE  e:\stm8s\electronic_scale\globalvar.asm(162)
ADC_SV2                                 69  BYTE  e:\stm8s\electronic_scale\globalvar.asm(164)
ADC_SV1                                 6A  BYTE  e:\stm8s\electronic_scale\globalvar.asm(165)
ADC_SV0                                 6B  BYTE  e:\stm8s\electronic_scale\globalvar.asm(166)
ADC_SW2                                 6C  BYTE  e:\stm8s\electronic_scale\globalvar.asm(168)
ADC_SW1                                 6D  BYTE  e:\stm8s\electronic_scale\globalvar.asm(169)
ADC_SW0                                 6E  BYTE  e:\stm8s\electronic_scale\globalvar.asm(170)
ADC_SX2                                 6F  BYTE  e:\stm8s\electronic_scale\globalvar.asm(172)
ADC_SX1                                 70  BYTE  e:\stm8s\electronic_scale\globalvar.asm(173)
ADC_SX0                                 71  BYTE  e:\stm8s\electronic_scale\globalvar.asm(174)
ADC_SY2                                 72  BYTE  e:\stm8s\electronic_scale\globalvar.asm(176)
ADC_SY1                                 73  BYTE  e:\stm8s\electronic_scale\globalvar.asm(177)
ADC_SY0                                 74  BYTE  e:\stm8s\electronic_scale\globalvar.asm(178)
ADC_THRESHOLD_QUOTIENT1                 75  BYTE  e:\stm8s\electronic_scale\globalvar.asm(184)
ADC_THRESHOLD_QUOTIENT0                 76  BYTE  e:\stm8s\electronic_scale\globalvar.asm(185)
ADC_MAX_QUOTIENT                        77  BYTE  e:\stm8s\electronic_scale\globalvar.asm(187)
ADC_MAX_REMAINDER                       79  BYTE  e:\stm8s\electronic_scale\globalvar.asm(191)
ADC_NEXT_PTR                            7B  BYTE  e:\stm8s\electronic_scale\globalvar.asm(197)
ADC_SLOPE                               7D  BYTE  e:\stm8s\electronic_scale\globalvar.asm(203)
ADC_Delay                             8A1A  WORD  e:\stm8s\electronic_scale\common.asm(79)
ADC_Add_Sum                           8BE3  WORD  e:\stm8s\electronic_scale\adc_handler.inc(55)
ADC_Sub_Sum                           8BC1  WORD  e:\stm8s\electronic_scale\adc_handler.inc(17)
ADC_Moving_Avg                        8C05  WORD  e:\stm8s\electronic_scale\adc_handler.inc(98)
ADC_Convert_Mass                      8C98  WORD  e:\stm8s\electronic_scale\adc_handler.inc(247)
ADC_Find_Max                          8C4C  WORD  e:\stm8s\electronic_scale\adc_handler.inc(165)
ADC_Find_Min                          8C72  WORD  e:\stm8s\electronic_scale\adc_handler.inc(203)
ADC_Recv_Sv                           901F  WORD  e:\stm8s\electronic_scale\adc.inc(364)
ADC_Cal_Handler                   00008EDE  LONG  e:\stm8s\electronic_scale\adc.inc(245)
ADC_Config                            8E62  WORD  e:\stm8s\electronic_scale\adc.asm(105)
ADC_Reset                             8E9F  WORD  e:\stm8s\electronic_scale\adc.asm(166)
ADC_ReadData                          8EBB  WORD  e:\stm8s\electronic_scale\adc.asm(202)
ADC_WriData                           8FF3  WORD  e:\stm8s\electronic_scale\adc.asm(325)

BEEP_CSR                              50F3  WORD  c:\program files (x86)\stmicroelectronics\st_toolset\asm\include\STM8S105K.asm(132)
Beeper_Init                           8B64  WORD  e:\stm8s\electronic_scale\beeper.asm(9)

CLK_ICKR                              50C0  WORD  c:\program files (x86)\stmicroelectronics\st_toolset\asm\include\STM8S105K.asm(95)
CLK_ECKR                              50C1  WORD  c:\program files (x86)\stmicroelectronics\st_toolset\asm\include\STM8S105K.asm(96)
CLK_CMSR                              50C3  WORD  c:\program files (x86)\stmicroelectronics\st_toolset\asm\include\STM8S105K.asm(98)
CLK_SWR                               50C4  WORD  c:\program files (x86)\stmicroelectronics\st_toolset\asm\include\STM8S105K.asm(99)
CLK_SWCR                              50C5  WORD  c:\program files (x86)\stmicroelectronics\st_toolset\asm\include\STM8S105K.asm(100)
CLK_CKDIVR                            50C6  WORD  c:\program files (x86)\stmicroelectronics\st_toolset\asm\include\STM8S105K.asm(101)
CLK_PCKENR1                           50C7  WORD  c:\program files (x86)\stmicroelectronics\st_toolset\asm\include\STM8S105K.asm(102)
CLK_CSSR                              50C8  WORD  c:\program files (x86)\stmicroelectronics\st_toolset\asm\include\STM8S105K.asm(103)
CLK_CCOR                              50C9  WORD  c:\program files (x86)\stmicroelectronics\st_toolset\asm\include\STM8S105K.asm(104)
CLK_PCKENR2                           50CA  WORD  c:\program files (x86)\stmicroelectronics\st_toolset\asm\include\STM8S105K.asm(105)
CLK_CANCCR                            50CB  WORD  c:\program files (x86)\stmicroelectronics\st_toolset\asm\include\STM8S105K.asm(106)
CLK_HSITRIMR                          50CC  WORD  c:\program files (x86)\stmicroelectronics\st_toolset\asm\include\STM8S105K.asm(107)
CLK_SWIMCCR                           50CD  WORD  c:\program files (x86)\stmicroelectronics\st_toolset\asm\include\STM8S105K.asm(108)
CFG_GCR                               7F60  WORD  c:\program files (x86)\stmicroelectronics\st_toolset\asm\include\STM8S105K.asm(318)
CHAR_PRICE5                             B4  BYTE  e:\stm8s\electronic_scale\globalvar.asm(293)
CHAR_PRICE4                             B5  BYTE  e:\stm8s\electronic_scale\globalvar.asm(294)
CHAR_PRICE3                             B6  BYTE  e:\stm8s\electronic_scale\globalvar.asm(295)
CHAR_PRICE2                             B7  BYTE  e:\stm8s\electronic_scale\globalvar.asm(296)
CHAR_PRICE1                             B8  BYTE  e:\stm8s\electronic_scale\globalvar.asm(297)
CHAR_PRICE0                             B9  BYTE  e:\stm8s\electronic_scale\globalvar.asm(298)
CHAR_THRESHOLD7                         BB  BYTE  e:\stm8s\electronic_scale\globalvar.asm(302)
CHAR_THRESHOLD6                         BC  BYTE  e:\stm8s\electronic_scale\globalvar.asm(303)
CHAR_THRESHOLD5                         BD  BYTE  e:\stm8s\electronic_scale\globalvar.asm(304)
CHAR_THRESHOLD4                         BE  BYTE  e:\stm8s\electronic_scale\globalvar.asm(305)
CHAR_THRESHOLD3                         BF  BYTE  e:\stm8s\electronic_scale\globalvar.asm(306)
CHAR_THRESHOLD2                         C0  BYTE  e:\stm8s\electronic_scale\globalvar.asm(307)
CHAR_THRESHOLD1                         C1  BYTE  e:\stm8s\electronic_scale\globalvar.asm(308)
CHAR_THRESHOLD0                         C2  BYTE  e:\stm8s\electronic_scale\globalvar.asm(309)
CHAR_MONEY7                             C4  BYTE  e:\stm8s\electronic_scale\globalvar.asm(315)
CHAR_MONEY6                             C5  BYTE  e:\stm8s\electronic_scale\globalvar.asm(316)
CHAR_MONEY5                             C6  BYTE  e:\stm8s\electronic_scale\globalvar.asm(317)
CHAR_MONEY4                             C7  BYTE  e:\stm8s\electronic_scale\globalvar.asm(318)
CHAR_MONEY3                             C8  BYTE  e:\stm8s\electronic_scale\globalvar.asm(319)
CHAR_MONEY2                             C9  BYTE  e:\stm8s\electronic_scale\globalvar.asm(320)
CHAR_MONEY1                             CA  BYTE  e:\stm8s\electronic_scale\globalvar.asm(321)
CHAR_MONEY0                             CB  BYTE  e:\stm8s\electronic_scale\globalvar.asm(322)
CHAR_MAX_MASS7                          CF  BYTE  e:\stm8s\electronic_scale\globalvar.asm(331)
CHAR_MAX_MASS6                          D0  BYTE  e:\stm8s\electronic_scale\globalvar.asm(332)
CHAR_MAX_MASS5                          D1  BYTE  e:\stm8s\electronic_scale\globalvar.asm(333)
CHAR_MAX_MASS4                          D2  BYTE  e:\stm8s\electronic_scale\globalvar.asm(334)
CHAR_MAX_MASS3                          D3  BYTE  e:\stm8s\electronic_scale\globalvar.asm(335)
CHAR_MAX_MASS2                          D4  BYTE  e:\stm8s\electronic_scale\globalvar.asm(336)
CHAR_MAX_MASS1                          D5  BYTE  e:\stm8s\electronic_scale\globalvar.asm(337)
CHAR_MAX_MASS0                          D6  BYTE  e:\stm8s\electronic_scale\globalvar.asm(338)
Cal_Money                             887E  WORD  e:\stm8s\electronic_scale\key.inc(1014)
Clock_Init                            89DC  WORD  e:\stm8s\electronic_scale\initialize.asm(88)
CHAR_MASS9                              A8  BYTE  e:\stm8s\electronic_scale\globalvar.asm(277)
CHAR_MASS8                              A9  BYTE  e:\stm8s\electronic_scale\globalvar.asm(278)
CHAR_MASS7                              AA  BYTE  e:\stm8s\electronic_scale\globalvar.asm(279)
CHAR_MASS6                              AB  BYTE  e:\stm8s\electronic_scale\globalvar.asm(280)
CHAR_MASS5                              AC  BYTE  e:\stm8s\electronic_scale\globalvar.asm(281)
CHAR_MASS4                              AD  BYTE  e:\stm8s\electronic_scale\globalvar.asm(282)
CHAR_MASS3                              AE  BYTE  e:\stm8s\electronic_scale\globalvar.asm(283)
CHAR_MASS2                              AF  BYTE  e:\stm8s\electronic_scale\globalvar.asm(284)
CHAR_MASS1                              B0  BYTE  e:\stm8s\electronic_scale\globalvar.asm(285)
CHAR_MASS0                              B1  BYTE  e:\stm8s\electronic_scale\globalvar.asm(286)
CHAR_MASS_1                             B2  BYTE  e:\stm8s\electronic_scale\globalvar.asm(287)
CHAR_MAX_MASS9                          CD  BYTE  e:\stm8s\electronic_scale\globalvar.asm(329)
CHAR_MAX_MASS8                          CE  BYTE  e:\stm8s\electronic_scale\globalvar.asm(330)
CHAR_MAX_MASS_1                         D7  BYTE  e:\stm8s\electronic_scale\globalvar.asm(339)
CPU_Delay_1us                         89E9  WORD  e:\stm8s\electronic_scale\common.asm(16)

DispADC                               8090  WORD  e:\stm8s\electronic_scale\lcd_adc.asm(19)
DispMass                              816A  WORD  e:\stm8s\electronic_scale\lcd_adc.asm(130)

EXTI_CR1                              50A0  WORD  c:\program files (x86)\stmicroelectronics\st_toolset\asm\include\STM8S105K.asm(84)
EXTI_CR2                              50A1  WORD  c:\program files (x86)\stmicroelectronics\st_toolset\asm\include\STM8S105K.asm(85)
EMPTY_LINE                            816D  WORD  e:\stm8s\electronic_scale\lcd.inc(10)

FLASH_CR1                             505A  WORD  c:\program files (x86)\stmicroelectronics\st_toolset\asm\include\STM8S105K.asm(70)
FLASH_CR2                             505B  WORD  c:\program files (x86)\stmicroelectronics\st_toolset\asm\include\STM8S105K.asm(71)
FLASH_NCR2                            505C  WORD  c:\program files (x86)\stmicroelectronics\st_toolset\asm\include\STM8S105K.asm(72)
FLASH_FPR                             505D  WORD  c:\program files (x86)\stmicroelectronics\st_toolset\asm\include\STM8S105K.asm(73)
FLASH_NFPR                            505E  WORD  c:\program files (x86)\stmicroelectronics\st_toolset\asm\include\STM8S105K.asm(74)
FLASH_IAPSR                           505F  WORD  c:\program files (x86)\stmicroelectronics\st_toolset\asm\include\STM8S105K.asm(75)
FLASH_PUKR                            5062  WORD  c:\program files (x86)\stmicroelectronics\st_toolset\asm\include\STM8S105K.asm(77)
FLASH_DUKR                            5064  WORD  c:\program files (x86)\stmicroelectronics\st_toolset\asm\include\STM8S105K.asm(79)

IWDG_KR                               50E0  WORD  c:\program files (x86)\stmicroelectronics\st_toolset\asm\include\STM8S105K.asm(119)
IWDG_PR                               50E1  WORD  c:\program files (x86)\stmicroelectronics\st_toolset\asm\include\STM8S105K.asm(120)
IWDG_RLR                              50E2  WORD  c:\program files (x86)\stmicroelectronics\st_toolset\asm\include\STM8S105K.asm(121)
I2C_CR1                               5210  WORD  c:\program files (x86)\stmicroelectronics\st_toolset\asm\include\STM8S105K.asm(149)
I2C_CR2                               5211  WORD  c:\program files (x86)\stmicroelectronics\st_toolset\asm\include\STM8S105K.asm(150)
I2C_FREQR                             5212  WORD  c:\program files (x86)\stmicroelectronics\st_toolset\asm\include\STM8S105K.asm(151)
I2C_OARL                              5213  WORD  c:\program files (x86)\stmicroelectronics\st_toolset\asm\include\STM8S105K.asm(152)
I2C_OARH                              5214  WORD  c:\program files (x86)\stmicroelectronics\st_toolset\asm\include\STM8S105K.asm(153)
I2C_DR                                5216  WORD  c:\program files (x86)\stmicroelectronics\st_toolset\asm\include\STM8S105K.asm(155)
I2C_SR1                               5217  WORD  c:\program files (x86)\stmicroelectronics\st_toolset\asm\include\STM8S105K.asm(156)
I2C_SR2                               5218  WORD  c:\program files (x86)\stmicroelectronics\st_toolset\asm\include\STM8S105K.asm(157)
I2C_SR3                               5219  WORD  c:\program files (x86)\stmicroelectronics\st_toolset\asm\include\STM8S105K.asm(158)
I2C_ITR                               521A  WORD  c:\program files (x86)\stmicroelectronics\st_toolset\asm\include\STM8S105K.asm(159)
I2C_CCRL                              521B  WORD  c:\program files (x86)\stmicroelectronics\st_toolset\asm\include\STM8S105K.asm(160)
I2C_CCRH                              521C  WORD  c:\program files (x86)\stmicroelectronics\st_toolset\asm\include\STM8S105K.asm(161)
I2C_TRISER                            521D  WORD  c:\program files (x86)\stmicroelectronics\st_toolset\asm\include\STM8S105K.asm(162)
I2C_PECR                              521E  WORD  c:\program files (x86)\stmicroelectronics\st_toolset\asm\include\STM8S105K.asm(163)
ITC_SPR1                              7F70  WORD  c:\program files (x86)\stmicroelectronics\st_toolset\asm\include\STM8S105K.asm(323)
ITC_SPR2                              7F71  WORD  c:\program files (x86)\stmicroelectronics\st_toolset\asm\include\STM8S105K.asm(324)
ITC_SPR3                              7F72  WORD  c:\program files (x86)\stmicroelectronics\st_toolset\asm\include\STM8S105K.asm(325)
ITC_SPR4                              7F73  WORD  c:\program files (x86)\stmicroelectronics\st_toolset\asm\include\STM8S105K.asm(326)
ITC_SPR5                              7F74  WORD  c:\program files (x86)\stmicroelectronics\st_toolset\asm\include\STM8S105K.asm(327)
ITC_SPR6                              7F75  WORD  c:\program files (x86)\stmicroelectronics\st_toolset\asm\include\STM8S105K.asm(328)
ITC_SPR7                              7F76  WORD  c:\program files (x86)\stmicroelectronics\st_toolset\asm\include\STM8S105K.asm(329)

KEYDOWN_FLAG                            93  BYTE  e:\stm8s\electronic_scale\globalvar.asm(240)
KEYBOARD_STORE                          94  BYTE  e:\stm8s\electronic_scale\globalvar.asm(243)
KEYBOARD_S4                             94  BYTE  e:\stm8s\electronic_scale\globalvar.asm(246)
KEYBOARD_S3                             95  BYTE  e:\stm8s\electronic_scale\globalvar.asm(247)
KEYBOARD_S2                             96  BYTE  e:\stm8s\electronic_scale\globalvar.asm(248)
KEYBOARD_S1                             97  BYTE  e:\stm8s\electronic_scale\globalvar.asm(249)
KEYBOARD_S0                             98  BYTE  e:\stm8s\electronic_scale\globalvar.asm(250)
KEYBOARD_PTR                            99  BYTE  e:\stm8s\electronic_scale\globalvar.asm(252)
KEYBOARD_DOT_OK                         9B  BYTE  e:\stm8s\electronic_scale\globalvar.asm(254)
KEYBOARD_PRICE_BUF_S4                   9C  BYTE  e:\stm8s\electronic_scale\globalvar.asm(257)
KEYBOARD_PRICE_BUF_S3                   9D  BYTE  e:\stm8s\electronic_scale\globalvar.asm(258)
KEYBOARD_PRICE_BUF_S2                   9E  BYTE  e:\stm8s\electronic_scale\globalvar.asm(259)
KEYBOARD_PRICE_BUF_S1                   9F  BYTE  e:\stm8s\electronic_scale\globalvar.asm(260)
KEYBOARD_PRICE_BUF_S0                   A0  BYTE  e:\stm8s\electronic_scale\globalvar.asm(261)
KEYBOARD_THRESHOLD_BUF_S4               A1  BYTE  e:\stm8s\electronic_scale\globalvar.asm(264)
KEYBOARD_THRESHOLD_BUF_S3               A2  BYTE  e:\stm8s\electronic_scale\globalvar.asm(265)
KEYBOARD_THRESHOLD_BUF_S2               A3  BYTE  e:\stm8s\electronic_scale\globalvar.asm(266)
KEYBOARD_THRESHOLD_BUF_S1               A4  BYTE  e:\stm8s\electronic_scale\globalvar.asm(267)
KEYBOARD_THRESHOLD_BUF_S0               A5  BYTE  e:\stm8s\electronic_scale\globalvar.asm(268)
KEY_ARRAY_MENU                          A6  BYTE  e:\stm8s\electronic_scale\globalvar.asm(271)
KEY_TYPING_FLAG                         A7  BYTE  e:\stm8s\electronic_scale\globalvar.asm(272)
KeyDelay                              8A0C  WORD  e:\stm8s\electronic_scale\common.asm(58)
KeyZero_Init                          8397  WORD  e:\stm8s\electronic_scale\key.inc(20)
KeyZero_Handler                   000083BC  LONG  e:\stm8s\electronic_scale\key.inc(57)
KeyArray_Init                         83D3  WORD  e:\stm8s\electronic_scale\key.inc(91)
KeyArray_Scan                         8442  WORD  e:\stm8s\electronic_scale\key.inc(225)
KeyArray_Handler                  00008424  LONG  e:\stm8s\electronic_scale\key.inc(161)
KeyArray_Settle                       86D7  WORD  e:\stm8s\electronic_scale\key.inc(597)
KeyArray_Display                      87C8  WORD  e:\stm8s\electronic_scale\key.inc(851)

LCD_VAR0                                00  BYTE  e:\stm8s\electronic_scale\globalvar.asm(8)
LCD_VAR1                                01  BYTE  e:\stm8s\electronic_scale\globalvar.asm(9)
LCD_VAR2                                02  BYTE  e:\stm8s\electronic_scale\globalvar.asm(10)
LCD_WriChar                           82D2  WORD  e:\stm8s\electronic_scale\lcd.inc(226)
LCD_Delay                             89FF  WORD  e:\stm8s\electronic_scale\common.asm(41)
LCD_Init                              817E  WORD  e:\stm8s\electronic_scale\lcd.inc(19)
LCD_WriCMD                            832D  WORD  e:\stm8s\electronic_scale\lcd.inc(332)
LCD_WriData                           8346  WORD  e:\stm8s\electronic_scale\lcd.inc(359)
LCD_SerData                           835F  WORD  e:\stm8s\electronic_scale\lcd.inc(391)
LCD_WriString                         82EA  WORD  e:\stm8s\electronic_scale\lcd.inc(258)
LCD_SetCursor                         8318  WORD  e:\stm8s\electronic_scale\lcd.inc(306)
LCD_InitCustom                        823B  WORD  e:\stm8s\electronic_scale\lcd.inc(108)

MoneyHandle                           88C0  WORD  e:\stm8s\electronic_scale\key.inc(1096)
MoneyDisplay                          892F  WORD  e:\stm8s\electronic_scale\key.asm(1235)
Main_Init                             8983  WORD  e:\stm8s\electronic_scale\initialize.asm(20)
MassDivider                           8A27  WORD  e:\stm8s\electronic_scale\common.asm(103)
MassHex2DecChar                       8D01  WORD  e:\stm8s\electronic_scale\adc_handler.asm(343)

NET_ADC0                                86  BYTE  e:\stm8s\electronic_scale\globalvar.asm(219)
NET_ADC1                                85  BYTE  e:\stm8s\electronic_scale\globalvar.asm(218)
NET_ADC2                                84  BYTE  e:\stm8s\electronic_scale\globalvar.asm(217)
NET_ADC3                                83  BYTE  e:\stm8s\electronic_scale\globalvar.asm(216)
NET_BUF3                                87  BYTE  e:\stm8s\electronic_scale\globalvar.asm(222)
NET_BUF2                                88  BYTE  e:\stm8s\electronic_scale\globalvar.asm(223)
NET_BUF1                                89  BYTE  e:\stm8s\electronic_scale\globalvar.asm(224)
NET_BUF0                                8A  BYTE  e:\stm8s\electronic_scale\globalvar.asm(225)
NET_ADC                                 83  BYTE  e:\stm8s\electronic_scale\globalvar.asm(215)
NET_BUF                                 87  BYTE  e:\stm8s\electronic_scale\globalvar.asm(221)

PA_ODR                                5000  WORD  c:\program files (x86)\stmicroelectronics\st_toolset\asm\include\STM8S105K.asm(21)
PA_IDR                                5001  WORD  c:\program files (x86)\stmicroelectronics\st_toolset\asm\include\STM8S105K.asm(22)
PA_DDR                                5002  WORD  c:\program files (x86)\stmicroelectronics\st_toolset\asm\include\STM8S105K.asm(23)
PA_CR1                                5003  WORD  c:\program files (x86)\stmicroelectronics\st_toolset\asm\include\STM8S105K.asm(24)
PA_CR2                                5004  WORD  c:\program files (x86)\stmicroelectronics\st_toolset\asm\include\STM8S105K.asm(25)
PB_ODR                                5005  WORD  c:\program files (x86)\stmicroelectronics\st_toolset\asm\include\STM8S105K.asm(29)
PB_IDR                                5006  WORD  c:\program files (x86)\stmicroelectronics\st_toolset\asm\include\STM8S105K.asm(30)
PB_DDR                                5007  WORD  c:\program files (x86)\stmicroelectronics\st_toolset\asm\include\STM8S105K.asm(31)
PB_CR1                                5008  WORD  c:\program files (x86)\stmicroelectronics\st_toolset\asm\include\STM8S105K.asm(32)
PB_CR2                                5009  WORD  c:\program files (x86)\stmicroelectronics\st_toolset\asm\include\STM8S105K.asm(33)
PC_ODR                                500A  WORD  c:\program files (x86)\stmicroelectronics\st_toolset\asm\include\STM8S105K.asm(37)
PC_IDR                                500B  WORD  c:\program files (x86)\stmicroelectronics\st_toolset\asm\include\STM8S105K.asm(38)
PC_DDR                                500C  WORD  c:\program files (x86)\stmicroelectronics\st_toolset\asm\include\STM8S105K.asm(39)
PC_CR1                                500D  WORD  c:\program files (x86)\stmicroelectronics\st_toolset\asm\include\STM8S105K.asm(40)
PC_CR2                                500E  WORD  c:\program files (x86)\stmicroelectronics\st_toolset\asm\include\STM8S105K.asm(41)
PD_ODR                                500F  WORD  c:\program files (x86)\stmicroelectronics\st_toolset\asm\include\STM8S105K.asm(45)
PD_IDR                                5010  WORD  c:\program files (x86)\stmicroelectronics\st_toolset\asm\include\STM8S105K.asm(46)
PD_DDR                                5011  WORD  c:\program files (x86)\stmicroelectronics\st_toolset\asm\include\STM8S105K.asm(47)
PD_CR1                                5012  WORD  c:\program files (x86)\stmicroelectronics\st_toolset\asm\include\STM8S105K.asm(48)
PD_CR2                                5013  WORD  c:\program files (x86)\stmicroelectronics\st_toolset\asm\include\STM8S105K.asm(49)
PE_ODR                                5014  WORD  c:\program files (x86)\stmicroelectronics\st_toolset\asm\include\STM8S105K.asm(53)
PE_IDR                                5015  WORD  c:\program files (x86)\stmicroelectronics\st_toolset\asm\include\STM8S105K.asm(54)
PE_DDR                                5016  WORD  c:\program files (x86)\stmicroelectronics\st_toolset\asm\include\STM8S105K.asm(55)
PE_CR1                                5017  WORD  c:\program files (x86)\stmicroelectronics\st_toolset\asm\include\STM8S105K.asm(56)
PE_CR2                                5018  WORD  c:\program files (x86)\stmicroelectronics\st_toolset\asm\include\STM8S105K.asm(57)
PF_ODR                                5019  WORD  c:\program files (x86)\stmicroelectronics\st_toolset\asm\include\STM8S105K.asm(61)
PF_IDR                                501A  WORD  c:\program files (x86)\stmicroelectronics\st_toolset\asm\include\STM8S105K.asm(62)
PF_DDR                                501B  WORD  c:\program files (x86)\stmicroelectronics\st_toolset\asm\include\STM8S105K.asm(63)
PF_CR1                                501C  WORD  c:\program files (x86)\stmicroelectronics\st_toolset\asm\include\STM8S105K.asm(64)
PF_CR2                                501D  WORD  c:\program files (x86)\stmicroelectronics\st_toolset\asm\include\STM8S105K.asm(65)
PRICE_MUL3                              8F  BYTE  e:\stm8s\electronic_scale\globalvar.asm(234)
PRICE_MUL2                              90  BYTE  e:\stm8s\electronic_scale\globalvar.asm(235)
PRICE_MUL1                              91  BYTE  e:\stm8s\electronic_scale\globalvar.asm(236)
PRICE_MUL0                              92  BYTE  e:\stm8s\electronic_scale\globalvar.asm(237)
PriceAlign                            8767  WORD  e:\stm8s\electronic_scale\key.inc(740)
PRICE_MUL                               8F  BYTE  e:\stm8s\electronic_scale\globalvar.asm(233)

QuadMul                               8AA7  WORD  e:\stm8s\electronic_scale\common.asm(259)

RST_SR                                50B3  WORD  c:\program files (x86)\stmicroelectronics\st_toolset\asm\include\STM8S105K.asm(90)

SPI_CR1                               5200  WORD  c:\program files (x86)\stmicroelectronics\st_toolset\asm\include\STM8S105K.asm(137)
SPI_CR2                               5201  WORD  c:\program files (x86)\stmicroelectronics\st_toolset\asm\include\STM8S105K.asm(138)
SPI_ICR                               5202  WORD  c:\program files (x86)\stmicroelectronics\st_toolset\asm\include\STM8S105K.asm(139)
SPI_SR                                5203  WORD  c:\program files (x86)\stmicroelectronics\st_toolset\asm\include\STM8S105K.asm(140)
SPI_DR                                5204  WORD  c:\program files (x86)\stmicroelectronics\st_toolset\asm\include\STM8S105K.asm(141)
SPI_CRCPR                             5205  WORD  c:\program files (x86)\stmicroelectronics\st_toolset\asm\include\STM8S105K.asm(142)
SPI_RXCRCR                            5206  WORD  c:\program files (x86)\stmicroelectronics\st_toolset\asm\include\STM8S105K.asm(143)
SPI_TXCRCR                            5207  WORD  c:\program files (x86)\stmicroelectronics\st_toolset\asm\include\STM8S105K.asm(144)
STR_PRICE                               B4  BYTE  e:\stm8s\electronic_scale\globalvar.asm(292)
STR_THRESHOLD                           BB  BYTE  e:\stm8s\electronic_scale\globalvar.asm(301)
StartUp_Init                          8999  WORD  e:\stm8s\electronic_scale\initialize.asm(49)
STR_MASS                                A8  BYTE  e:\stm8s\electronic_scale\globalvar.asm(276)
STR_MONEY                               C4  BYTE  e:\stm8s\electronic_scale\globalvar.asm(314)
STR_MAX_MASS                            CD  BYTE  e:\stm8s\electronic_scale\globalvar.asm(326)
SaveMaxMass                           8D74  WORD  e:\stm8s\electronic_scale\adc_handler.asm(462)

TIM1_CR1                              5250  WORD  c:\program files (x86)\stmicroelectronics\st_toolset\asm\include\STM8S105K.asm(184)
TIM1_CR2                              5251  WORD  c:\program files (x86)\stmicroelectronics\st_toolset\asm\include\STM8S105K.asm(185)
TIM1_SMCR                             5252  WORD  c:\program files (x86)\stmicroelectronics\st_toolset\asm\include\STM8S105K.asm(186)
TIM1_ETR                              5253  WORD  c:\program files (x86)\stmicroelectronics\st_toolset\asm\include\STM8S105K.asm(187)
TIM1_IER                              5254  WORD  c:\program files (x86)\stmicroelectronics\st_toolset\asm\include\STM8S105K.asm(188)
TIM1_SR1                              5255  WORD  c:\program files (x86)\stmicroelectronics\st_toolset\asm\include\STM8S105K.asm(189)
TIM1_SR2                              5256  WORD  c:\program files (x86)\stmicroelectronics\st_toolset\asm\include\STM8S105K.asm(190)
TIM1_EGR                              5257  WORD  c:\program files (x86)\stmicroelectronics\st_toolset\asm\include\STM8S105K.asm(191)
TIM1_CCMR1                            5258  WORD  c:\program files (x86)\stmicroelectronics\st_toolset\asm\include\STM8S105K.asm(192)
TIM1_CCMR2                            5259  WORD  c:\program files (x86)\stmicroelectronics\st_toolset\asm\include\STM8S105K.asm(193)
TIM1_CCMR3                            525A  WORD  c:\program files (x86)\stmicroelectronics\st_toolset\asm\include\STM8S105K.asm(194)
TIM1_CCMR4                            525B  WORD  c:\program files (x86)\stmicroelectronics\st_toolset\asm\include\STM8S105K.asm(195)
TIM1_CCER1                            525C  WORD  c:\program files (x86)\stmicroelectronics\st_toolset\asm\include\STM8S105K.asm(196)
TIM1_CCER2                            525D  WORD  c:\program files (x86)\stmicroelectronics\st_toolset\asm\include\STM8S105K.asm(197)
TIM1_CNTRH                            525E  WORD  c:\program files (x86)\stmicroelectronics\st_toolset\asm\include\STM8S105K.asm(198)
TIM1_CNTRL                            525F  WORD  c:\program files (x86)\stmicroelectronics\st_toolset\asm\include\STM8S105K.asm(199)
TIM1_PSCRH                            5260  WORD  c:\program files (x86)\stmicroelectronics\st_toolset\asm\include\STM8S105K.asm(200)
TIM1_PSCRL                            5261  WORD  c:\program files (x86)\stmicroelectronics\st_toolset\asm\include\STM8S105K.asm(201)
TIM1_ARRH                             5262  WORD  c:\program files (x86)\stmicroelectronics\st_toolset\asm\include\STM8S105K.asm(202)
TIM1_ARRL                             5263  WORD  c:\program files (x86)\stmicroelectronics\st_toolset\asm\include\STM8S105K.asm(203)
TIM1_RCR                              5264  WORD  c:\program files (x86)\stmicroelectronics\st_toolset\asm\include\STM8S105K.asm(204)
TIM1_CCR1H                            5265  WORD  c:\program files (x86)\stmicroelectronics\st_toolset\asm\include\STM8S105K.asm(205)
TIM1_CCR1L                            5266  WORD  c:\program files (x86)\stmicroelectronics\st_toolset\asm\include\STM8S105K.asm(206)
TIM1_CCR2H                            5267  WORD  c:\program files (x86)\stmicroelectronics\st_toolset\asm\include\STM8S105K.asm(207)
TIM1_CCR2L                            5268  WORD  c:\program files (x86)\stmicroelectronics\st_toolset\asm\include\STM8S105K.asm(208)
TIM1_CCR3H                            5269  WORD  c:\program files (x86)\stmicroelectronics\st_toolset\asm\include\STM8S105K.asm(209)
TIM1_CCR3L                            526A  WORD  c:\program files (x86)\stmicroelectronics\st_toolset\asm\include\STM8S105K.asm(210)
TIM1_CCR4H                            526B  WORD  c:\program files (x86)\stmicroelectronics\st_toolset\asm\include\STM8S105K.asm(211)
TIM1_CCR4L                            526C  WORD  c:\program files (x86)\stmicroelectronics\st_toolset\asm\include\STM8S105K.asm(212)
TIM1_BKR                              526D  WORD  c:\program files (x86)\stmicroelectronics\st_toolset\asm\include\STM8S105K.asm(213)
TIM1_DTR                              526E  WORD  c:\program files (x86)\stmicroelectronics\st_toolset\asm\include\STM8S105K.asm(214)
TIM1_OISR                             526F  WORD  c:\program files (x86)\stmicroelectronics\st_toolset\asm\include\STM8S105K.asm(215)
TIM2_CR1                              5300  WORD  c:\program files (x86)\stmicroelectronics\st_toolset\asm\include\STM8S105K.asm(220)
TIM2_IER                              5301  WORD  c:\program files (x86)\stmicroelectronics\st_toolset\asm\include\STM8S105K.asm(221)
TIM2_SR1                              5302  WORD  c:\program files (x86)\stmicroelectronics\st_toolset\asm\include\STM8S105K.asm(222)
TIM2_SR2                              5303  WORD  c:\program files (x86)\stmicroelectronics\st_toolset\asm\include\STM8S105K.asm(223)
TIM2_EGR                              5304  WORD  c:\program files (x86)\stmicroelectronics\st_toolset\asm\include\STM8S105K.asm(224)
TIM2_CCMR1                            5305  WORD  c:\program files (x86)\stmicroelectronics\st_toolset\asm\include\STM8S105K.asm(225)
TIM2_CCMR2                            5306  WORD  c:\program files (x86)\stmicroelectronics\st_toolset\asm\include\STM8S105K.asm(226)
TIM2_CCMR3                            5307  WORD  c:\program files (x86)\stmicroelectronics\st_toolset\asm\include\STM8S105K.asm(227)
TIM2_CCER1                            5308  WORD  c:\program files (x86)\stmicroelectronics\st_toolset\asm\include\STM8S105K.asm(228)
TIM2_CCER2                            5309  WORD  c:\program files (x86)\stmicroelectronics\st_toolset\asm\include\STM8S105K.asm(229)
TIM2_CNTRH                            530A  WORD  c:\program files (x86)\stmicroelectronics\st_toolset\asm\include\STM8S105K.asm(230)
TIM2_CNTRL                            530B  WORD  c:\program files (x86)\stmicroelectronics\st_toolset\asm\include\STM8S105K.asm(231)
TIM2_PSCR                             530C  WORD  c:\program files (x86)\stmicroelectronics\st_toolset\asm\include\STM8S105K.asm(232)
TIM2_ARRH                             530D  WORD  c:\program files (x86)\stmicroelectronics\st_toolset\asm\include\STM8S105K.asm(233)
TIM2_ARRL                             530E  WORD  c:\program files (x86)\stmicroelectronics\st_toolset\asm\include\STM8S105K.asm(234)
TIM2_CCR1H                            530F  WORD  c:\program files (x86)\stmicroelectronics\st_toolset\asm\include\STM8S105K.asm(235)
TIM2_CCR1L                            5310  WORD  c:\program files (x86)\stmicroelectronics\st_toolset\asm\include\STM8S105K.asm(236)
TIM2_CCR2H                            5311  WORD  c:\program files (x86)\stmicroelectronics\st_toolset\asm\include\STM8S105K.asm(237)
TIM2_CCR2L                            5312  WORD  c:\program files (x86)\stmicroelectronics\st_toolset\asm\include\STM8S105K.asm(238)
TIM2_CCR3H                            5313  WORD  c:\program files (x86)\stmicroelectronics\st_toolset\asm\include\STM8S105K.asm(239)
TIM2_CCR3L                            5314  WORD  c:\program files (x86)\stmicroelectronics\st_toolset\asm\include\STM8S105K.asm(240)
TIM3_CR1                              5320  WORD  c:\program files (x86)\stmicroelectronics\st_toolset\asm\include\STM8S105K.asm(245)
TIM3_IER                              5321  WORD  c:\program files (x86)\stmicroelectronics\st_toolset\asm\include\STM8S105K.asm(246)
TIM3_SR1                              5322  WORD  c:\program files (x86)\stmicroelectronics\st_toolset\asm\include\STM8S105K.asm(247)
TIM3_SR2                              5323  WORD  c:\program files (x86)\stmicroelectronics\st_toolset\asm\include\STM8S105K.asm(248)
TIM3_EGR                              5324  WORD  c:\program files (x86)\stmicroelectronics\st_toolset\asm\include\STM8S105K.asm(249)
TIM3_CCMR1                            5325  WORD  c:\program files (x86)\stmicroelectronics\st_toolset\asm\include\STM8S105K.asm(250)
TIM3_CCMR2                            5326  WORD  c:\program files (x86)\stmicroelectronics\st_toolset\asm\include\STM8S105K.asm(251)
TIM3_CCER1                            5327  WORD  c:\program files (x86)\stmicroelectronics\st_toolset\asm\include\STM8S105K.asm(252)
TIM3_CNTRH                            5328  WORD  c:\program files (x86)\stmicroelectronics\st_toolset\asm\include\STM8S105K.asm(253)
TIM3_CNTRL                            5329  WORD  c:\program files (x86)\stmicroelectronics\st_toolset\asm\include\STM8S105K.asm(254)
TIM3_PSCR                             532A  WORD  c:\program files (x86)\stmicroelectronics\st_toolset\asm\include\STM8S105K.asm(255)
TIM3_ARRH                             532B  WORD  c:\program files (x86)\stmicroelectronics\st_toolset\asm\include\STM8S105K.asm(256)
TIM3_ARRL                             532C  WORD  c:\program files (x86)\stmicroelectronics\st_toolset\asm\include\STM8S105K.asm(257)
TIM3_CCR1H                            532D  WORD  c:\program files (x86)\stmicroelectronics\st_toolset\asm\include\STM8S105K.asm(258)
TIM3_CCR1L                            532E  WORD  c:\program files (x86)\stmicroelectronics\st_toolset\asm\include\STM8S105K.asm(259)
TIM3_CCR2H                            532F  WORD  c:\program files (x86)\stmicroelectronics\st_toolset\asm\include\STM8S105K.asm(260)
TIM3_CCR2L                            5330  WORD  c:\program files (x86)\stmicroelectronics\st_toolset\asm\include\STM8S105K.asm(261)
TIM4_CR1                              5340  WORD  c:\program files (x86)\stmicroelectronics\st_toolset\asm\include\STM8S105K.asm(266)
TIM4_IER                              5341  WORD  c:\program files (x86)\stmicroelectronics\st_toolset\asm\include\STM8S105K.asm(267)
TIM4_SR                               5342  WORD  c:\program files (x86)\stmicroelectronics\st_toolset\asm\include\STM8S105K.asm(268)
TIM4_EGR                              5343  WORD  c:\program files (x86)\stmicroelectronics\st_toolset\asm\include\STM8S105K.asm(269)
TIM4_CNTR                             5344  WORD  c:\program files (x86)\stmicroelectronics\st_toolset\asm\include\STM8S105K.asm(270)
TIM4_PSCR                             5345  WORD  c:\program files (x86)\stmicroelectronics\st_toolset\asm\include\STM8S105K.asm(271)
TIM4_ARR                              5346  WORD  c:\program files (x86)\stmicroelectronics\st_toolset\asm\include\STM8S105K.asm(272)
TriMul                                8A5C  WORD  e:\stm8s\electronic_scale\common.asm(163)
TriDiv                                8B11  WORD  e:\stm8s\electronic_scale\common.asm(388)
TypingCursorFlash                     8845  WORD  e:\stm8s\electronic_scale\key.inc(964)
ThresholdInputHandle                  870A  WORD  e:\stm8s\electronic_scale\key.asm(648)
ThresholdCheck                        8B9A  WORD  e:\stm8s\electronic_scale\beeper.inc(68)

UART2_SR                              5240  WORD  c:\program files (x86)\stmicroelectronics\st_toolset\asm\include\STM8S105K.asm(168)
UART2_DR                              5241  WORD  c:\program files (x86)\stmicroelectronics\st_toolset\asm\include\STM8S105K.asm(169)
UART2_BRR1                            5242  WORD  c:\program files (x86)\stmicroelectronics\st_toolset\asm\include\STM8S105K.asm(170)
UART2_BRR2                            5243  WORD  c:\program files (x86)\stmicroelectronics\st_toolset\asm\include\STM8S105K.asm(171)
UART2_CR1                             5244  WORD  c:\program files (x86)\stmicroelectronics\st_toolset\asm\include\STM8S105K.asm(172)
UART2_CR2                             5245  WORD  c:\program files (x86)\stmicroelectronics\st_toolset\asm\include\STM8S105K.asm(173)
UART2_CR3                             5246  WORD  c:\program files (x86)\stmicroelectronics\st_toolset\asm\include\STM8S105K.asm(174)
UART2_CR4                             5247  WORD  c:\program files (x86)\stmicroelectronics\st_toolset\asm\include\STM8S105K.asm(175)
UART2_CR5                             5248  WORD  c:\program files (x86)\stmicroelectronics\st_toolset\asm\include\STM8S105K.asm(176)
UART2_CR6                             5249  WORD  c:\program files (x86)\stmicroelectronics\st_toolset\asm\include\STM8S105K.asm(177)
UART2_GTR                             524A  WORD  c:\program files (x86)\stmicroelectronics\st_toolset\asm\include\STM8S105K.asm(178)
UART2_PSCR                            524B  WORD  c:\program files (x86)\stmicroelectronics\st_toolset\asm\include\STM8S105K.asm(179)

WWDG_CR                               50D1  WORD  c:\program files (x86)\stmicroelectronics\st_toolset\asm\include\STM8S105K.asm(113)
WWDG_WR                               50D2  WORD  c:\program files (x86)\stmicroelectronics\st_toolset\asm\include\STM8S105K.asm(114)
WEIGHT_QUOTIENT                         8B  BYTE  e:\stm8s\electronic_scale\globalvar.asm(228)
WEIGHT_REMAINDER                        8D  BYTE  e:\stm8s\electronic_scale\globalvar.asm(229)
WEIGHT                                  8B  BYTE  e:\stm8s\electronic_scale\globalvar.asm(227)

ZERO_ADC0                               82  BYTE  e:\stm8s\electronic_scale\globalvar.asm(212)
ZERO_ADC1                               81  BYTE  e:\stm8s\electronic_scale\globalvar.asm(211)
ZERO_ADC2                               80  BYTE  e:\stm8s\electronic_scale\globalvar.asm(210)
ZERO_ADC3                               7F  BYTE  e:\stm8s\electronic_scale\globalvar.asm(209)
ZERO_ADC                                7F  BYTE  e:\stm8s\electronic_scale\globalvar.asm(208)

str_mass_end                            B3  BYTE  e:\stm8s\electronic_scale\globalvar.asm(288)
str_price_end                           BA  BYTE  e:\stm8s\electronic_scale\globalvar.asm(299)
str_threshold_end                       C3  BYTE  e:\stm8s\electronic_scale\globalvar.asm(310)
str_money_end                           CC  BYTE  e:\stm8s\electronic_scale\globalvar.asm(323)
str_max_mass_end                        D8  BYTE  e:\stm8s\electronic_scale\globalvar.asm(341)


499 labels
